
> crm-dashboard@0.0.0 build-only
> vite build

vite v7.3.1 building client environment for production...
transforming...
✓ 1865 modules transformed.
rendering chunks...
computing gzip size...
dist/index.html                                     0.43 kB │ gzip:   0.29 kB
dist/assets/pdf.worker.min-B_fnEKel.mjs         1,239.05 kB
dist/assets/ManufacturersView-DxMVNk-O.css          1.49 kB │ gzip:   0.46 kB
dist/assets/DocumentsView-BVzhKGxd.css              1.69 kB │ gzip:   0.56 kB
dist/assets/ExchangeRatesView-CPJmYq9e.css          2.18 kB │ gzip:   0.66 kB
dist/assets/LoginView-OGPEkQv5.css                  2.93 kB │ gzip:   1.02 kB
dist/assets/CustomersView-DHFEOouo.css              3.14 kB │ gzip:   0.79 kB
dist/assets/ContractsView-DkODlNyk.css              4.12 kB │ gzip:   0.97 kB
dist/assets/LeadsView-CSTJzt_v.css                  4.18 kB │ gzip:   1.03 kB
dist/assets/TeamsView-M4CvF-ix.css                  5.16 kB │ gzip:   1.08 kB
dist/assets/ProjectsView-BXXjOQvu.css               7.74 kB │ gzip:   1.57 kB
dist/assets/DashboardView-DmLIgvWE.css              9.49 kB │ gzip:   1.65 kB
dist/assets/QuotesView-Dqz2e07Y.css                11.48 kB │ gzip:   2.03 kB
dist/assets/ProductsView-DxzD8xjt.css              11.71 kB │ gzip:   2.25 kB
dist/assets/PriceBooksView-BSpuao13.css            12.02 kB │ gzip:   2.25 kB
dist/assets/RecurringServicesView-BmHd-58J.css     16.08 kB │ gzip:   2.79 kB
dist/assets/InventoryView-DLqk4CTw.css             16.65 kB │ gzip:   2.83 kB
dist/assets/QuoteBuilderView-DvEKIbad.css          27.53 kB │ gzip:   4.25 kB
dist/assets/ProcurementView-C5FI-u1A.css           32.01 kB │ gzip:   4.67 kB
dist/assets/index-BJKomRgU.css                     47.85 kB │ gzip:   8.95 kB
dist/assets/minus-CKmcJFL_.js                       0.11 kB │ gzip:   0.13 kB
dist/assets/check-ZylLwxal.js                       0.12 kB │ gzip:   0.14 kB
dist/assets/plus-Dla_iP9L.js                        0.15 kB │ gzip:   0.15 kB
dist/assets/x-C9kEjnIu.js                           0.15 kB │ gzip:   0.14 kB
dist/assets/arrow-right-CcScZUPg.js                 0.16 kB │ gzip:   0.16 kB
dist/assets/clock-BWEWOxAI.js                       0.17 kB │ gzip:   0.16 kB
dist/assets/trending-up-DUUobmVp.js                 0.17 kB │ gzip:   0.17 kB
dist/assets/trending-down-DR64wytS.js               0.18 kB │ gzip:   0.17 kB
dist/assets/circle-check-B16OI8eA.js                0.18 kB │ gzip:   0.17 kB
dist/assets/lock-BcwXaWXU.js                        0.20 kB │ gzip:   0.19 kB
dist/assets/circle-x-y2yMVhW0.js                    0.20 kB │ gzip:   0.18 kB
dist/assets/dollar-sign-CYH0PVd7.js                 0.22 kB │ gzip:   0.19 kB
dist/assets/upload-BStM8BOC.js                      0.23 kB │ gzip:   0.19 kB
dist/assets/download-1tWkJdPl.js                    0.23 kB │ gzip:   0.19 kB
dist/assets/copy-CBDUAREx.js                        0.23 kB │ gzip:   0.20 kB
dist/assets/history-CWUNDjSV.js                     0.23 kB │ gzip:   0.19 kB
dist/assets/external-link-BJp7jp6_.js               0.25 kB │ gzip:   0.20 kB
dist/assets/chart-column-BbBD9gZt.js                0.25 kB │ gzip:   0.19 kB
dist/assets/eye-06vTFW1G.js                         0.25 kB │ gzip:   0.20 kB
dist/assets/calendar-CVA9Vm45.js                    0.25 kB │ gzip:   0.20 kB
dist/assets/map-pin-DtCVbUPG.js                     0.26 kB │ gzip:   0.22 kB
dist/assets/triangle-alert-CV9XVSb5.js              0.26 kB │ gzip:   0.21 kB
dist/assets/pencil-Cs1gTaOp.js                      0.27 kB │ gzip:   0.22 kB
dist/assets/send-CQdl8CQ_.js                        0.29 kB │ gzip:   0.23 kB
dist/assets/wrench-DNViM4lD.js                      0.30 kB │ gzip:   0.24 kB
dist/assets/save-eEFr8nnF.js                        0.32 kB │ gzip:   0.22 kB
dist/assets/trash-2-Bf6YzlFt.js                     0.33 kB │ gzip:   0.21 kB
dist/assets/building-2-Bo6_JJ7S.js                  0.38 kB │ gzip:   0.24 kB
dist/assets/file-spreadsheet-ClurikbZ.js            0.43 kB │ gzip:   0.26 kB
dist/assets/phone-DTAvSlrO.js                       0.48 kB │ gzip:   0.32 kB
dist/assets/grip-vertical-Cs0dv12l.js               0.48 kB │ gzip:   0.26 kB
dist/assets/priceBooks-YBqNEJgz.js                  0.84 kB │ gzip:   0.47 kB
dist/assets/truck-BbrVYncz.js                       0.98 kB │ gzip:   0.48 kB
dist/assets/manufacturers-Dm9oMXE_.js               1.51 kB │ gzip:   0.65 kB
dist/assets/products-BxG7PbFP.js                    1.55 kB │ gzip:   0.72 kB
dist/assets/customers-B1isz_e-.js                   1.82 kB │ gzip:   0.73 kB
dist/assets/opportunities-D6El0ps9.js               2.09 kB │ gzip:   0.84 kB
dist/assets/quotes-BCZM93iX.js                      2.16 kB │ gzip:   0.82 kB
dist/assets/procurement-Dbuj8Dnm.js                 3.07 kB │ gzip:   1.10 kB
dist/assets/LoginView-BefWVoiy.js                   3.07 kB │ gzip:   1.48 kB
dist/assets/index-BqXF4Usr.js                       3.39 kB │ gzip:   0.83 kB
dist/assets/ExchangeRatesView-BRBWmNnx.js           6.71 kB │ gzip:   2.64 kB
dist/assets/CustomersView-AjVU6aDq.js              11.77 kB │ gzip:   3.59 kB
dist/assets/DocumentsView-DsT31qfP.js              13.25 kB │ gzip:   4.47 kB
dist/assets/DashboardView-DpSagxxy.js              14.19 kB │ gzip:   5.01 kB
dist/assets/ManufacturersView-C13zgdkW.js          14.43 kB │ gzip:   4.42 kB
dist/assets/TeamsView-CMg4Ed0_.js                  14.74 kB │ gzip:   4.95 kB
dist/assets/LeadsView-C9-h-nGc.js                  15.98 kB │ gzip:   5.14 kB
dist/assets/ContractsView-SMJSVe5W.js              19.26 kB │ gzip:   6.02 kB
dist/assets/PriceBooksView-DXKQpejI.js             22.28 kB │ gzip:   6.80 kB
dist/assets/ProjectsView-DJyY14ZZ.js               26.10 kB │ gzip:   7.08 kB
dist/assets/QuotesView-XBERkzO9.js                 30.26 kB │ gzip:   9.09 kB
dist/assets/RecurringServicesView-GAhS8JsK.js      34.21 kB │ gzip:   9.71 kB
dist/assets/ProductsView-Daq9JRMn.js               61.85 kB │ gzip:  15.36 kB
dist/assets/QuoteBuilderView-DKzKXAS7.js           65.44 kB │ gzip:  18.38 kB
dist/assets/InventoryView-DCJTD0Vt.js              88.67 kB │ gzip:  20.26 kB
dist/assets/ProcurementView-CV9UqUY1.js            89.14 kB │ gzip:  20.07 kB
dist/assets/index-StzMWLuc.js                     172.74 kB │ gzip:  66.86 kB
dist/assets/fileParser-Dbmb8ZS1.js                845.47 kB │ gzip: 265.38 kB

(!) Some chunks are larger than 500 kB after minification. Consider:
- Using dynamic import() to code-split the application
- Use build.rollupOptions.output.manualChunks to improve chunking: https://rollupjs.org/configuration-options/#output-manualchunks
- Adjust chunk size limit for this warning via build.chunkSizeWarningLimit.
✓ built in 6.56s
